   1 Koo-Kron U+ filter (Koo's thesis)                                   13
   2 Koo-Kron J+ filter (Koo's thesis)                                   23
   3 Koo-Kron F+ filter (Koo's thesis)                                   25
   4 Koo-Kron N+ filter (Koo's thesis)                                   28
   5 Koo-Kron R band (=127+RG610, data from Koo, Durham).                15
   6 Couch and Newell (1980, PASP, 92, 746) BJ (photographic) filter.    43
   7 Couch and Newell (1980, PASP, 92, 746) RF (photographic) filter.    23
   8 Koo-Kron U+ filter (Bruzual's thesis)                               13
   9 Koo-Kron J+ filter (Bruzual's thesis)                               25
  10 Koo-Kron F+ filter (Bruzual's thesis)                               25
  11 Koo-Kron N+ filter (Bruzual's thesis)                               23
  12 Buser's U filter (R. Buser)                                         24
  13 Buser's B2 filter (R. Buser)                                        40
  14 Buser's B3 filter (R. Buser)                                        40
  15 Buser's V filter (R. Buser)                                         54
  16 Matthews and Sandage U filter                                       13
  17 Matthews and Sandage B filter                                       22
  18 Matthews and Sandage V filter                                       25
  19 Sandage and Smith B filter                                          43
  20 Sandage and Smith V filter                                          38
  21 Sandage and Smith R filter                                          43
  22 ST-UV14 filter (STFOC)                                              33
  23 ST-UV17 filter (STFOC)                                              42
  24 ST-UV22 filter (STFOC)                                              53
  25 ST-UV27 filter (STFOC)                                              64
  26 OAO-UV1 filter (OAO-2 Observatory)                                  33
  27 OAO-UV2 filter (OAO-2 Observatory)                                  47
  28 OAO-UV3 filter (OAO-2 Observatory)                                  59
  29 OAO-UV4 filter (OAO-2 Observatory)                                  68
  30 OAO-UV5 filter (OAO-2 Observatory)                                  58
  31 OAO-UV6 filter (OAO-2 Observatory)                                  70
  32 Johnson's R filter                                                  23
  33 Johnson's I filter                                                  26
  34 Johnson's J filter                                                  31
  35 Johnson's K filter                                                  17
  36 Johnson's L filter                                                  14
  37 Butcher's r filter                                                  51
  38 Butcher's i filter                                                  36
  39 Butcher-Oemler R filter (10/75 1978, data from Koo, Durham).        31
  40 Butcher-Oemler R filter ( 5/76 1978, data from Koo, Durham).        31
  41 Basel u filter (R. Buser)                                           23
  42 Basel g filter (R. Buser)                                           46
  43 Basel r filter (R. Buser)                                           22
  44 UKIRT H FILTER (Leiden, 1983)                                       33
  45 R. S. Ellis U(PE) filter                                            53
  46 R. S. Ellis J filter                                               105
  47 R. S. Ellis R filter                                                57
  48 R. S. Ellis N filter                                               111
  49 C. MacKay and P. Hall KG3 filter (Cambridge)                       189
  50 C. MacKay and P. Hall I filter (Cambridge)                         126
  51 Gunn g filter + four-shooter Ti CCD + Palomar 200" atmosphere.51    29
  52 Gunn r filter + four-shooter Ti CCD + Palomar 200" atmosphere.52    47
  53 Gunn i filter + four-shooter Ti CCD + Palomar 200" atmosphere.53    75
  54 Gunn z filter + four-shooter Ti CCD + Palomar 200" atmosphere.54    81
  55 IR J filter + Palomar 200 IR detectors + atmosphere.55              21
  56 IR H filter + Palomar 200 IR detectors + atmosphere.56              27
  57 IR K filter + Palomar 200 IR detectors + atmosphere.57              33
  58 IR K filter + Palomar 200 IR detectors + atmosphere.58              33
  59 IR K filter + Palomar 200 IR detectors + atmosphere.59              33
  60 IR K filter + Palomar 200 IR detectors + atmosphere.60              33
  61 A. Tyson J filter                                                   40
  62 A. Tyson R filter                                                   41
  63 A. Tyson I filter                                                   65
  64 ANS 1550 Wide filter (J. Koorneef)                                   4
  65 ANS 1800 filter (J. Koorneef)                                       18
  66 ANS 2200 filter (J. Koorneef)                                        4
  67 ANS 2500 filter (J. Koorneef)                                        4
  68 ANS 3300 filter (J. Koorneef)                                       23
  69 Approximate U band for Lilly and Cowie                              13
  70 Approximate I band for Lilly and Cowie                              61
  71 IRAS 12 micron filter (Dopita et al. 2005)                          60
  72 IRAS 25 micron filter (Dopita et al. 2005)                          42
  73 IRAS 60 micron filter (Dopita et al. 2005)                          56
  74 IRAS 100 micron filter (Dopita et al. 2005)                         35
  75 H filter Bessell and Brett PASP 100, 1134, 1988                     20
  76 J filter Bessell and Brett PASP 100, 1134, 1988                     21
  77 K filter Bessell and Brett PASP 100, 1134, 1988 (Follows Fig 8)     23
  78 L (3.5 microns) filter Bessell and Brett PASP 100, 1134, 1988       21
  79 L' (3.8 microns) filter Bessell and Brett PASP 100, 1134, 1988      20
  80 M filter Bessell and Brett PASP 100, 1134, 1988                     19
  81 KPNO narrow band IR filter Lambda eff = 11.1 microns FWHM=1.72     200
  82 KPNO narrow band IR filter Lambda eff = 8.4 microns FWHM=1.7       200
  83 Burstein et al. 1550 normalized square filter: (1250 to 1850 A).     7
  84 Cousins R filter (Bessell 1983, PASP, 95,480). Use with V = 15.     65
  85 Cousins I filter (Bessell 1983, PASP, 95,480). Use with V = 15.     39
  86 Corrected Cousins I ("Iz" from Bessell 1983, PASP). Use with V=1    41
  87 NOT ALFOSC Bessel BT filter number 74, Bessel B_440_10             862
  88 Wainscoat and Cowie K' filter (1992, AJ, 103-1, 332)                65
  89 Wainscoat and Cowie I filter (Close to Cousins I)                   71
  90 Washington C filter (Geisler & Kapranidis 1983, AJ88,461)           19
  91 Washington M filter (Geisler & Kapranidis 1983, AJ88,461)           18
  92 Washington T1 filter (Geisler & Kapranidis 1983, AJ88,461)          22
  93 Washington T2 filter (Geisler & Kapranidis 1983, AJ88,461)          18
  94 WFPC2 filter F300W (C. Gronwall)                                    19
  95 WFPC2 filter F450W (C. Gronwall)                                    22
  96 WFPC2 filter F606W (C. Gronwall)                                    30
  97 WFPC2 filter F814W (C. Gronwall)                                    33
  98 WFPC2 filter F300W with red leak (P. Madau)                        327
  99 UV-1 Square Box from 2200 to 2400 A                                  9
 100 UV-2 Square Box from 2640 to 2750 A                                  6
 101 UV-3 Square Box from 2950 to 3150 A                                  9
 102 J-ESO (M. Schultheis).                                             763
 103 H-ESO (M. Schultheis).                                             557
 104 K-ESO (M. Schultheis).                                             335
 105 L-ESO (M. Schultheis).                                             160
 106 LW2-ISO 7 Microns (M. Schultheis).                                 492
 107 I DeNIS passband (M. Schultheis).                                  311
 108 J DeNIS passband (M. Schultheis).                                  251
 109 Ks DeNIS passband (M. Schultheis).                                 300
 110 CTIO Ks filter + NICMOS-3 detector (79K) + atm                     400
 111 MEGACAM u filter (M. Schultheis 2006)                              139
 112 MEGACAM g filter (M. Schultheis 2006)                              182
 113 MEGACAM r filter (M. Schultheis 2006)                              181
 114 MEGACAM i filter (M. Schultheis 2006)                              231
 115 MEGACAM y filter (M. Schultheis 2009)                              100
 116 MEGACAM z filter (M. Schultheis 2006)                              211
 117 CH4 filter (M Schultheis 2008)                                     850
 118 H2 filter (M Schultheis 2008)                                      600
 119 BRgamma filter (M Schultheis 2008)                                 286
 120 SDSS Camera u Response Function, airmass = 1.3 (June 2001)          47
 121 SDSS Camera g Response Function, airmass = 1.3 (June 2001)          89
 122 SDSS Camera r Response Function, airmass = 1.3 (June 2001)          75
 123 SDSS Camera i Response Function, airmass = 1.3 (June 2001)          89
 124 SDSS Camera z Response Function, airmass = 1.3 (June 2001)         141
 125 2MASS J filter (total response w/atm)                              109
 126 2MASS H filter (total response w/atm)                               58
 127 2MASS Ks filter (total response w/atm)                              78
 128 IRAC 3.5 micron filter (Dopita et al. 2005)                         38
 129 IRAC 4.5 micron filter (Dopita et al. 2005)                         43
 130 IRAC 5.7 micron filter (Dopita et al. 2005)                         43
 131 IRAC 7.9 micron filter (Dopita et al. 2005)                         45
 132 MIPS 24 micron filter (Dopita et al. 2005)                          36
 133 MIPS 70 micron filter (Dopita et al. 2005)                          37
 134 MIPS 160 micron filter (Dopita et al. 2005)                         34
 135 WIRCAM Y filter                                                    175
 136 WIRCAM J filter                                                    215
 137 WIRCAM H filter                                                    414
 138 WIRCAM K filter                                                    455
 139 GALEX 1500 Angstrom filter (Dopita et al. 2005)                     85
 140 GALEX 2300 Angstrom filter (Dopita et al. 2005)                    127
 141 Subaru's V filter(FOCAS)                                           534
 142 Subaru's R filter(FOCAS)                                           423
 143 Subaru's I filter(FOCAS)                                           302
 144 Subaru's J filter                                                  601
 145 Subaru's H filter(MOIRCS)                                         1602
 146 Subaru's Ks filter(MOIRCS)                                        1601
 147 COSMOS u CFHT (1) via J. Chevalard                                 123
 148 COSMOS B Subaru (2) via J. Chevalard                               190
 149 COSMOS V Subaru (3) via J. Chevalard                               186
 150 COSMOS g Subaru (4) via J. Chevalard                               190
 151 COSMOS r Subaru (5) via J. Chevalard                               189
 152 COSMOS i Subaru (6) via J. Chevalard                               218
 153 COSMOS z Subaru (7) via J. Chevalard                               198
 154 COSMOS 3.6 micron SIRTF+IRAC (from SIRTF web page) (16) via J. C   201
 155 COSMOS 4.5 micron SIRTF+IRAC (from SIRTF web page) (17) via J. C   201
 156 COSMOS Ks CFHT Wircam from Capak's web page (21) via J. Chevalar   849
 157 VISTA Z filter_at80K_forETC_Z (via Sebastian Gurovich)             129
 158 VISTA Y filter_at80K_forETC_Y (via Sebastian Gurovich)             166
 159 VISTA J filter_at80K_forETC_J (via Sebastian Gurovich)             244
 160 VISTA H filter_at80K_forETC_H (via Sebastian Gurovich)             399
 161 VISTA Ks filter_at80K_forETC_Ks (via Sebastian Gurovich)           453
 162 filter DDO 35                                                       27
 163 filter DDO 38                                                       32
 164 filter DDO 41                                                       31
 165 filter DDO 42                                                       28
 166 filter DDO 45                                                       27
 167 filter DDO 48                                                       35
 168 filter DDO 51 (Kitt Peak National Observatory - NOAO)              208
 169 Gaia 1: G (effective response, includes instrumental effects)      345
 170 Gaia 2: GS (effective response, includes instrumental effects)     421
 171 Gaia 3: C1B431 (effective response, includes instrumental effect    74
 172 Gaia 4: C1B556 (effective response, includes instrumental effect    80
 173 Gaia 5: C1B655 (effective response, includes instrumental effect    51
 174 Gaia 6: C1B768 (effective response, includes instrumental effect   101
 175 Gaia 7: C1B916 (effective response, includes instrumental effect    73
 176 Gaia 8: C1M326 (effective response, includes instrumental effect    55
 177 Gaia 9: C1M379 (effective response, includes instrumental effect    20
 178 Gaia 10: C1M395 (effective response, includes instrumental effec    13
 179 Gaia 11: C1M410 (effective response, includes instrumental effec    18
 180 Gaia 12: C1M467 (effective response, includes instrumental effec    18
 181 Gaia 13: C1M506 (effective response, includes instrumental effec    26
 182 Gaia 14: C1M515 (effective response, includes instrumental effec    17
 183 Gaia 15: C1M549 (effective response, includes instrumental effec    19
 184 Gaia 16: C1M656 (effective response, includes instrumental effec     7
 185 Gaia 17: C1M716 (effective response, includes instrumental effec    20
 186 Gaia 18: C1M747 (effective response, includes instrumental effec    23
 187 Gaia 19: C1M825 (effective response, includes instrumental effec    25
 188 Gaia 20: C1M861 (effective response, includes instrumental effec    25
 189 Gaia 21: C1M965 (effective response, includes instrumental effec    50
 190 HST-NICMOS2 F160W                                                 1254
 191 HST-NICMOS3 F110W filter (via Filippo)                             344
 192 HST-NICMOS3 F160W filter (via Filippo)                             296
 193 HST/ACS F435W filter                                               173
 194 HST/ACS F606W filter                                               318
 195 HST/ACS F775W filter                                               247
 196 HST/ACS F850LP filter                                              194
 197 filter transmission for HST WFC3 F110W (July 2009)                 593
 198 filter transmission for HST WFC3 F125W (July 2009)                 706
 199 filter transmission for HST WFC3 F160W (July 2009)                 171
 200 filter transmission for HST WFC3 F225W (July 2009)                 132
 201 filter transmission for HST WFC3 F336W (July 2009)                  79
 202 filter transmission for HST WFC3 FR388N (July 2009)                502
 203 filter transmission for HST WFC3 F438W (July 2009)                  94
 204 filter transmission for HST WFC3 F555W (July 2009)                 313
 205 filter transmission for HST WFC3 F814W (July 2009)                 294
 206 filter transmission for HST ACS/HRC F220W GSFC (Barry Rothberg)     62
 207 filter transmission for HST ACS/HRC F625W GSFC sdss_r (Rothberg)   191
 208 filter f225w.WFC3.UVIS1 Tue 00:11:28 06-Oct-2009 Rupali Chandar   1225
 209 filter f336w.WFC3.UVIS1 Tue 00:11:28 06-Oct-2009 Rupali Chandar    798
 210 filter f438w.WFC3.UVIS1 Tue 00:11:29 06-Oct-2009 Rupali Chandar    957
 211 filter f547m.WFC3.UVIS1 Tue 00:11:26 06-Oct-2009 Rupali Chandar    993
 212 filter f555w.WFC3.UVIS1 Tue 00:11:29 06-Oct-2009 Rupali Chandar   3248
 213 filter f606w.WFC3.UVIS1 Tue 00:11:29 06-Oct-2009 Rupali Chandar   2750
 214 filter f625w.WFC3.UVIS1 Tue 00:11:30 06-Oct-2009 Rupali Chandar   1872
 215 filter f656n.WFC3.UVIS1 Tue 00:11:23 06-Oct-2009 Rupali Chandar     33
 216 filter f657n.WFC3.UVIS1 Tue 00:11:24 06-Oct-2009 Rupali Chandar    272
 217 filter f658n.WFC3.UVIS1 Tue 00:11:24 06-Oct-2009 Rupali Chandar     49
 218 filter f814w.WFC3.UVIS1 Tue 00:11:30 06-Oct-2009 Rupali Chandar   2887
 219 HST ACS F220w WFC                                                  128
 220 HST ACS F250w WFC                                                  149
 221 HST ACS F330w WFC                                                  109
 222 HST ACS F410w WFC                                                  118
 223 HST ACS F435w WFC                                                  173
 224 HST ACS F475w WFC                                                  246
 225 HST ACS F555w WFC                                                  219
 226 HST ACS F606w WFC                                                  318
 227 HST ACS F625w WFC                                                  258
 228 HST ACS F775w WFC                                                  247
 229 HST ACS F814w WFC                                                  313
 230 WFPC2 filter F336w (RAGL)                                         1725
 231 WFPC2 filter F439w (RAGL)                                         1083
 232 WFPC2 filter F555w (RAGL)                                         2705
 233 WFPC2 filter F675w (RAGL)                                         1414
 234 WFPC2 filter F814w (RAGL)                                         1937
 235 FUV(1500) normalized square filter: (1450 to 1550 A).                5
 236 SINGG R normalized square filter: (6800 to 6900 A).                  5
 237 CFHT MegaCam u filter MP9301 (1st generation)                      211
 238 CFHT MegaCam g filter MP9401 (1st generation)                      187
 239 CFHT MegaCam r filter MP9601 (1st generation)                      186
 240 CFHT MegaCam i filter MP9701 (1st generation)                      234
 241 CFHT MegaCam z filter MP9801 (1st generation)                      277
 242 f225w.UVIS1 Fri 11:54:27 08-Feb-2013 LEGUS                        1223
 243 f275w.UVIS1 Fri 11:54:27 08-Feb-2013 LEGUS                        1005
 244 f336w.UVIS1 Fri 11:54:27 08-Feb-2013 LEGUS                         799
 245 f438w.UVIS1 Fri 11:54:28 08-Feb-2013 LEGUS                         956
 246 f547m.UVIS1 Fri 11:54:26 08-Feb-2013 LEGUS                         995
 247 f555w.UVIS1 Fri 11:54:28 08-Feb-2013 LEGUS                        3249
 248 f606w.UVIS1 Fri 11:54:28 08-Feb-2013 LEGUS                        2749
 249 f625w.UVIS1 Fri 11:54:28 08-Feb-2013 LEGUS                        1873
 250 f656n.UVIS1 Fri 11:54:24 08-Feb-2013 LEGUS                          32
 251 f657n.UVIS1 Fri 11:54:24 08-Feb-2013 LEGUS                         271
 252 f658n.UVIS1 Fri 11:54:24 08-Feb-2013 LEGUS                          49
 253 f814w.UVIS1 Fri 11:54:29 08-Feb-2013 LEGUS                        2888
 254 VIMOS_U (Guillermo Barro 2013, via Camilla Pacifici)                65
 255 CFHT MegaCam i filter MP9702 (2nd generation)                      444
 256 CFHT WIRCam Ks filter                                               82
 257 Swift_UVOT.UVW2.dat                                                363
 258 Swift_UVOT.UVM2.dat                                                166
 259 Swift_UVOT.UVW1.dat                                                407
 260 Gaia G revised passband (DR2, Apr. 2018)                          3197
 261 Gaia GB revised passband (DR2, Apr. 2018)                         1703
 262 Gaia GR revised passband (DR2, Apr. 2018)                         1999
 263 Gaia G nominal passband                                            362
 264 Gaia GB nominal passband                                           362
 265 Gaia GR nominal passband                                           362
 266 CFHT MegaCam u filter MP9302 (3rd generation)                       57
 267 CFHT MegaCam g filter MP9402 (3rd generation)                       99
 268 CFHT MegaCam r filter MP9602 (3rd generation)                       99
 269 CFHT MegaCam i filter MP9703 (3rd generation)                      100
 270 CFHT MegaCam z filter MP9901 (3rd generation)                       91
 271 u' CFH New Megaprime Interference filter                           123
 272 g' CFH New Megaprime Interference filter                          2446
 273 r' CFH New Megaprime Interference filter                          2929
 274 i' CFH New Megaprime Interference filter                          4520
 275 z' CFH New Megaprime Interference filter                           801
 276 F070W JWST NIRCAM                                                  399
 277 F090W JWST NIRCAM                                                  302
 278 F115W JWST NIRCAM                                                  416
 279 F150W JWST NIRCAM                                                  666
 280 F200W JWST NIRCAM                                                  907
 281 F277W JWST NIRCAM                                                  903
 282 F356W JWST NIRCAM                                                  974
 283 F444W JWST NIRCAM                                                 1155
 284 F0560W JWST MIRI                                                   336
 285 F0770W JWST MIRI                                                   539
 286 F1000W JWST MIRI                                                   479
 287 F1130W JWST MIRI                                                   609
 288 F1280W JWST MIRI                                                   342
 289 F1500W JWST MIRI                                                   817
 290 F1800W JWST MIRI                                                  1035
 291 F2100W JWST MIRI                                                  1455
 292 F2550W JWST MIRI                                                  1482
 293 f390w.UVIS1                                                       1601
 294 f475w.UVIS1                                                       2004
 295 f775w.UVIS1                                                       2234
